// Jest Snapshot v1, https://goo.gl/fbAQLP

exports[`CommandBar renders commands correctly 1`] = `
<div
  className="ms-ResizeGroup"
>
  <div
    className=""
  >
    <div
      className="ms-CommandBar"
    >
      <div
        aria-describedby={undefined}
        aria-labelledby={undefined}
        className="ms-FocusZone ms-OverflowSet"
        data-focuszone-id="FocusZone1"
        onFocus={[Function]}
        onKeyDown={[Function]}
        onMouseDownCapture={[Function]}
        role="menubar"
      >
        <div
          className="ms-OverflowSet-item"
        >
          <button
            aria-describedby={null}
            aria-label={undefined}
            aria-labelledby={null}
            aria-pressed={undefined}
            className=
                ms-Button
                ms-Button--commandBar
                ms-CommandBarItem-link
                {
                  -moz-osx-font-smoothing: grayscale;
                  -webkit-font-smoothing: antialiased;
                  background-color: #f4f4f4;
                  border-radius: 0px;
                  border: 1px solid transparent;
                  box-sizing: border-box;
                  color: #333333;
                  cursor: pointer;
                  display: inline-block;
                  font-family: 'Segoe UI Web (West European)', 'Segoe UI', -apple-system, BlinkMacSystemFont, 'Roboto', 'Helvetica Neue', sans-serif;
                  font-size: 14px;
                  font-weight: 400;
                  height: 40px;
                  min-width: 40px;
                  outline: transparent;
                  padding-bottom: 0;
                  padding-left: 4px;
                  padding-right: 4px;
                  padding-top: 0;
                  position: relative;
                  text-align: center;
                  text-decoration: none;
                  user-select: none;
                  vertical-align: top;
                  white-space: nowrap;
                }
                &::-moz-focus-inner {
                  border: 0;
                }
                .ms-Fabric.is-focusVisible &:focus:after {
                  border: 1px solid #ffffff;
                  bottom: 0px;
                  content: "";
                  left: 0px;
                  outline: 1px solid #666666;
                  position: absolute;
                  right: 0px;
                  top: 0px;
                  z-index: 1;
                }
                &:hover {
                  background-color: #eaeaea;
                  color: #212121;
                }
                &:active {
                  background-color: #dadada;
                  color: #000000;
                }
            data-is-focusable={true}
            disabled={undefined}
            name="asdf"
            type="button"
          >
            <div
              className=
                  ms-Button-flexContainer
                  {
                    align-items: center;
                    display: flex;
                    flex-wrap: nowrap;
                    height: 100%;
                    justify-content: center;
                  }
            >
              <div
                className=
                    ms-Button-textContainer
                    {
                      flex-grow: 1;
                    }
              >
                <div
                  className=
                      ms-Button-label
                      {
                        font-weight: normal;
                        line-height: 100%;
                        margin-bottom: 0;
                        margin-left: 4px;
                        margin-right: 4px;
                        margin-top: 0;
                      }
                  id="2"
                >
                  asdf
                </div>
              </div>
            </div>
          </button>
        </div>
        <div
          className="ms-OverflowSet-item"
        >
          <button
            aria-describedby={null}
            aria-label={undefined}
            aria-labelledby={null}
            aria-pressed={undefined}
            className=
                ms-Button
                ms-Button--commandBar
                ms-CommandBarItem-link
                {
                  -moz-osx-font-smoothing: grayscale;
                  -webkit-font-smoothing: antialiased;
                  background-color: #f4f4f4;
                  border-radius: 0px;
                  border: 1px solid transparent;
                  box-sizing: border-box;
                  color: #333333;
                  cursor: pointer;
                  display: inline-block;
                  font-family: 'Segoe UI Web (West European)', 'Segoe UI', -apple-system, BlinkMacSystemFont, 'Roboto', 'Helvetica Neue', sans-serif;
                  font-size: 14px;
                  font-weight: 400;
                  height: 40px;
                  min-width: 40px;
                  outline: transparent;
                  padding-bottom: 0;
                  padding-left: 4px;
                  padding-right: 4px;
                  padding-top: 0;
                  position: relative;
                  text-align: center;
                  text-decoration: none;
                  user-select: none;
                  vertical-align: top;
                  white-space: nowrap;
                }
                &::-moz-focus-inner {
                  border: 0;
                }
                .ms-Fabric.is-focusVisible &:focus:after {
                  border: 1px solid #ffffff;
                  bottom: 0px;
                  content: "";
                  left: 0px;
                  outline: 1px solid #666666;
                  position: absolute;
                  right: 0px;
                  top: 0px;
                  z-index: 1;
                }
                &:hover {
                  background-color: #eaeaea;
                  color: #212121;
                }
                &:active {
                  background-color: #dadada;
                  color: #000000;
                }
            data-is-focusable={true}
            disabled={undefined}
            name="asdf"
            type="button"
          >
            <div
              className=
                  ms-Button-flexContainer
                  {
                    align-items: center;
                    display: flex;
                    flex-wrap: nowrap;
                    height: 100%;
                    justify-content: center;
                  }
            >
              <div
                className=
                    ms-Button-textContainer
                    {
                      flex-grow: 1;
                    }
              >
                <div
                  className=
                      ms-Button-label
                      {
                        font-weight: normal;
                        line-height: 100%;
                        margin-bottom: 0;
                        margin-left: 4px;
                        margin-right: 4px;
                        margin-top: 0;
                      }
                  id="5"
                >
                  asdf
                </div>
              </div>
            </div>
          </button>
        </div>
      </div>
      <div
        aria-describedby={undefined}
        aria-labelledby={undefined}
        className="ms-FocusZone ms-OverflowSet"
        data-focuszone-id="FocusZone8"
        onFocus={[Function]}
        onKeyDown={[Function]}
        onMouseDownCapture={[Function]}
        role="menubar"
      />
    </div>
  </div>
</div>
`;
